{"timestamp":"2026-08-19T11:37:18.335191Z","level":"info","event":"Filling up the DagBag from /opt/airflow/dags/exchange_rate_etl.py","logger":"airflow.dag_processing.dagbag.BundleDagBag","filename":"dagbag.py","lineno":460}
{"timestamp":"2026-08-19T11:38:16.910367Z","level":"info","event":"Filling up the DagBag from /opt/airflow/dags/exchange_rate_etl.py","logger":"airflow.dag_processing.dagbag.BundleDagBag","filename":"dagbag.py","lineno":460}
{"timestamp":"2026-08-19T11:39:00.316814Z","level":"info","event":"Filling up the DagBag from /opt/airflow/dags/exchange_rate_etl.py","logger":"airflow.dag_processing.dagbag.BundleDagBag","filename":"dagbag.py","lineno":460}
{"timestamp":"2026-08-19T11:39:43.522513Z","level":"info","event":"Filling up the DagBag from /opt/airflow/dags/exchange_rate_etl.py","logger":"airflow.dag_processing.dagbag.BundleDagBag","filename":"dagbag.py","lineno":460}
{"timestamp":"2026-08-19T11:40:29.830800Z","level":"info","event":"Filling up the DagBag from /opt/airflow/dags/exchange_rate_etl.py","logger":"airflow.dag_processing.dagbag.BundleDagBag","filename":"dagbag.py","lineno":460}
{"timestamp":"2026-08-19T11:41:09.392089Z","level":"info","event":"Filling up the DagBag from /opt/airflow/dags/exchange_rate_etl.py","logger":"airflow.dag_processing.dagbag.BundleDagBag","filename":"dagbag.py","lineno":460}
{"timestamp":"2026-08-19T11:41:51.553985Z","level":"info","event":"Filling up the DagBag from /opt/airflow/dags/exchange_rate_etl.py","logger":"airflow.dag_processing.dagbag.BundleDagBag","filename":"dagbag.py","lineno":460}
{"timestamp":"2026-08-19T11:42:37.506296Z","level":"info","event":"Filling up the DagBag from /opt/airflow/dags/exchange_rate_etl.py","logger":"airflow.dag_processing.dagbag.BundleDagBag","filename":"dagbag.py","lineno":460}
{"timestamp":"2026-08-19T11:43:16.987100Z","level":"info","event":"Filling up the DagBag from /opt/airflow/dags/exchange_rate_etl.py","logger":"airflow.dag_processing.dagbag.BundleDagBag","filename":"dagbag.py","lineno":460}
{"timestamp":"2026-08-19T11:43:59.630801Z","level":"info","event":"Filling up the DagBag from /opt/airflow/dags/exchange_rate_etl.py","logger":"airflow.dag_processing.dagbag.BundleDagBag","filename":"dagbag.py","lineno":460}
{"timestamp":"2026-08-19T11:44:35.887391Z","level":"info","event":"Filling up the DagBag from /opt/airflow/dags/exchange_rate_etl.py","logger":"airflow.dag_processing.dagbag.BundleDagBag","filename":"dagbag.py","lineno":460}
{"timestamp":"2026-08-19T11:45:07.891280Z","level":"info","event":"Filling up the DagBag from /opt/airflow/dags/exchange_rate_etl.py","logger":"airflow.dag_processing.dagbag.BundleDagBag","filename":"dagbag.py","lineno":460}
{"timestamp":"2026-08-19T11:45:40.573160Z","level":"info","event":"Filling up the DagBag from /opt/airflow/dags/exchange_rate_etl.py","logger":"airflow.dag_processing.dagbag.BundleDagBag","filename":"dagbag.py","lineno":460}
{"timestamp":"2026-08-19T11:46:15.375187Z","level":"info","event":"Filling up the DagBag from /opt/airflow/dags/exchange_rate_etl.py","logger":"airflow.dag_processing.dagbag.BundleDagBag","filename":"dagbag.py","lineno":460}
{"timestamp":"2026-08-19T11:46:47.899333Z","level":"info","event":"Filling up the DagBag from /opt/airflow/dags/exchange_rate_etl.py","logger":"airflow.dag_processing.dagbag.BundleDagBag","filename":"dagbag.py","lineno":460}
{"timestamp":"2026-08-19T11:47:19.502546Z","level":"info","event":"Filling up the DagBag from /opt/airflow/dags/exchange_rate_etl.py","logger":"airflow.dag_processing.dagbag.BundleDagBag","filename":"dagbag.py","lineno":460}
{"timestamp":"2026-08-19T11:47:51.316030Z","level":"info","event":"Filling up the DagBag from /opt/airflow/dags/exchange_rate_etl.py","logger":"airflow.dag_processing.dagbag.BundleDagBag","filename":"dagbag.py","lineno":460}
{"timestamp":"2026-08-19T11:48:23.186109Z","level":"info","event":"Filling up the DagBag from /opt/airflow/dags/exchange_rate_etl.py","logger":"airflow.dag_processing.dagbag.BundleDagBag","filename":"dagbag.py","lineno":460}
{"timestamp":"2026-08-19T11:48:57.212495Z","level":"info","event":"Filling up the DagBag from /opt/airflow/dags/exchange_rate_etl.py","logger":"airflow.dag_processing.dagbag.BundleDagBag","filename":"dagbag.py","lineno":460}
{"timestamp":"2026-08-19T11:49:29.888586Z","level":"info","event":"Filling up the DagBag from /opt/airflow/dags/exchange_rate_etl.py","logger":"airflow.dag_processing.dagbag.BundleDagBag","filename":"dagbag.py","lineno":460}
{"timestamp":"2026-08-19T11:50:01.012150Z","level":"info","event":"Filling up the DagBag from /opt/airflow/dags/exchange_rate_etl.py","logger":"airflow.dag_processing.dagbag.BundleDagBag","filename":"dagbag.py","lineno":460}
{"timestamp":"2026-08-19T11:50:32.413005Z","level":"info","event":"Filling up the DagBag from /opt/airflow/dags/exchange_rate_etl.py","logger":"airflow.dag_processing.dagbag.BundleDagBag","filename":"dagbag.py","lineno":460}
{"timestamp":"2026-08-19T11:51:04.205028Z","level":"info","event":"Filling up the DagBag from /opt/airflow/dags/exchange_rate_etl.py","logger":"airflow.dag_processing.dagbag.BundleDagBag","filename":"dagbag.py","lineno":460}
{"timestamp":"2026-08-19T11:51:36.602549Z","level":"info","event":"Filling up the DagBag from /opt/airflow/dags/exchange_rate_etl.py","logger":"airflow.dag_processing.dagbag.BundleDagBag","filename":"dagbag.py","lineno":460}
{"timestamp":"2026-08-19T11:52:09.472350Z","level":"info","event":"Filling up the DagBag from /opt/airflow/dags/exchange_rate_etl.py","logger":"airflow.dag_processing.dagbag.BundleDagBag","filename":"dagbag.py","lineno":460}
{"timestamp":"2026-08-19T11:52:41.687015Z","level":"info","event":"Filling up the DagBag from /opt/airflow/dags/exchange_rate_etl.py","logger":"airflow.dag_processing.dagbag.BundleDagBag","filename":"dagbag.py","lineno":460}
{"timestamp":"2026-08-19T11:53:14.069121Z","level":"info","event":"Filling up the DagBag from /opt/airflow/dags/exchange_rate_etl.py","logger":"airflow.dag_processing.dagbag.BundleDagBag","filename":"dagbag.py","lineno":460}
{"timestamp":"2026-08-19T11:53:49.131126Z","level":"info","event":"Filling up the DagBag from /opt/airflow/dags/exchange_rate_etl.py","logger":"airflow.dag_processing.dagbag.BundleDagBag","filename":"dagbag.py","lineno":460}
{"timestamp":"2026-08-19T11:54:36.118917Z","level":"info","event":"Filling up the DagBag from /opt/airflow/dags/exchange_rate_etl.py","logger":"airflow.dag_processing.dagbag.BundleDagBag","filename":"dagbag.py","lineno":460}
{"timestamp":"2026-08-19T11:55:27.011760Z","level":"info","event":"Filling up the DagBag from /opt/airflow/dags/exchange_rate_etl.py","logger":"airflow.dag_processing.dagbag.BundleDagBag","filename":"dagbag.py","lineno":460}
{"timestamp":"2026-08-19T11:56:21.016676Z","level":"info","event":"Filling up the DagBag from /opt/airflow/dags/exchange_rate_etl.py","logger":"airflow.dag_processing.dagbag.BundleDagBag","filename":"dagbag.py","lineno":460}
{"timestamp":"2026-08-19T11:57:21.377490Z","level":"info","event":"Filling up the DagBag from /opt/airflow/dags/exchange_rate_etl.py","logger":"airflow.dag_processing.dagbag.BundleDagBag","filename":"dagbag.py","lineno":460}
{"timestamp":"2026-08-19T11:58:30.872264Z","level":"info","event":"Filling up the DagBag from /opt/airflow/dags/exchange_rate_etl.py","logger":"airflow.dag_processing.dagbag.BundleDagBag","filename":"dagbag.py","lineno":460}
{"timestamp":"2026-08-19T11:59:38.823354Z","level":"info","event":"Filling up the DagBag from /opt/airflow/dags/exchange_rate_etl.py","logger":"airflow.dag_processing.dagbag.BundleDagBag","filename":"dagbag.py","lineno":460}
{"timestamp":"2026-08-19T12:00:52.337894Z","level":"info","event":"Filling up the DagBag from /opt/airflow/dags/exchange_rate_etl.py","logger":"airflow.dag_processing.dagbag.BundleDagBag","filename":"dagbag.py","lineno":460}
{"timestamp":"2026-08-19T12:01:59.854410Z","level":"info","event":"Filling up the DagBag from /opt/airflow/dags/exchange_rate_etl.py","logger":"airflow.dag_processing.dagbag.BundleDagBag","filename":"dagbag.py","lineno":460}
{"timestamp":"2026-08-19T12:03:16.888480Z","level":"info","event":"Filling up the DagBag from /opt/airflow/dags/exchange_rate_etl.py","logger":"airflow.dag_processing.dagbag.BundleDagBag","filename":"dagbag.py","lineno":460}
{"timestamp":"2026-08-19T12:04:28.577476Z","level":"info","event":"Filling up the DagBag from /opt/airflow/dags/exchange_rate_etl.py","logger":"airflow.dag_processing.dagbag.BundleDagBag","filename":"dagbag.py","lineno":460}
{"timestamp":"2026-08-19T12:05:47.124392Z","level":"info","event":"Filling up the DagBag from /opt/airflow/dags/exchange_rate_etl.py","logger":"airflow.dag_processing.dagbag.BundleDagBag","filename":"dagbag.py","lineno":460}
{"timestamp":"2026-08-19T12:06:44.188085Z","level":"info","event":"Filling up the DagBag from /opt/airflow/dags/exchange_rate_etl.py","logger":"airflow.dag_processing.dagbag.BundleDagBag","filename":"dagbag.py","lineno":460}
{"timestamp":"2026-08-19T12:07:35.544641Z","level":"info","event":"Filling up the DagBag from /opt/airflow/dags/exchange_rate_etl.py","logger":"airflow.dag_processing.dagbag.BundleDagBag","filename":"dagbag.py","lineno":460}
{"timestamp":"2026-08-19T12:08:20.127567Z","level":"info","event":"Filling up the DagBag from /opt/airflow/dags/exchange_rate_etl.py","logger":"airflow.dag_processing.dagbag.BundleDagBag","filename":"dagbag.py","lineno":460}
{"timestamp":"2026-08-19T12:08:53.957708Z","level":"info","event":"Filling up the DagBag from /opt/airflow/dags/exchange_rate_etl.py","logger":"airflow.dag_processing.dagbag.BundleDagBag","filename":"dagbag.py","lineno":460}
{"timestamp":"2026-08-19T12:09:27.268381Z","level":"info","event":"Filling up the DagBag from /opt/airflow/dags/exchange_rate_etl.py","logger":"airflow.dag_processing.dagbag.BundleDagBag","filename":"dagbag.py","lineno":460}
{"timestamp":"2026-08-19T12:10:00.983696Z","level":"info","event":"Filling up the DagBag from /opt/airflow/dags/exchange_rate_etl.py","logger":"airflow.dag_processing.dagbag.BundleDagBag","filename":"dagbag.py","lineno":460}
{"timestamp":"2026-08-19T12:10:33.790858Z","level":"info","event":"Filling up the DagBag from /opt/airflow/dags/exchange_rate_etl.py","logger":"airflow.dag_processing.dagbag.BundleDagBag","filename":"dagbag.py","lineno":460}
{"timestamp":"2026-08-19T12:11:06.513635Z","level":"info","event":"Filling up the DagBag from /opt/airflow/dags/exchange_rate_etl.py","logger":"airflow.dag_processing.dagbag.BundleDagBag","filename":"dagbag.py","lineno":460}
{"timestamp":"2026-08-19T12:11:38.937039Z","level":"info","event":"Filling up the DagBag from /opt/airflow/dags/exchange_rate_etl.py","logger":"airflow.dag_processing.dagbag.BundleDagBag","filename":"dagbag.py","lineno":460}
{"timestamp":"2026-08-19T12:12:11.931569Z","level":"info","event":"Filling up the DagBag from /opt/airflow/dags/exchange_rate_etl.py","logger":"airflow.dag_processing.dagbag.BundleDagBag","filename":"dagbag.py","lineno":460}
{"timestamp":"2026-08-19T12:12:44.188249Z","level":"info","event":"Filling up the DagBag from /opt/airflow/dags/exchange_rate_etl.py","logger":"airflow.dag_processing.dagbag.BundleDagBag","filename":"dagbag.py","lineno":460}
{"timestamp":"2026-08-19T12:13:16.994949Z","level":"info","event":"Filling up the DagBag from /opt/airflow/dags/exchange_rate_etl.py","logger":"airflow.dag_processing.dagbag.BundleDagBag","filename":"dagbag.py","lineno":460}
{"timestamp":"2026-08-19T12:13:49.462885Z","level":"info","event":"Filling up the DagBag from /opt/airflow/dags/exchange_rate_etl.py","logger":"airflow.dag_processing.dagbag.BundleDagBag","filename":"dagbag.py","lineno":460}
{"timestamp":"2026-08-19T12:14:21.749341Z","level":"info","event":"Filling up the DagBag from /opt/airflow/dags/exchange_rate_etl.py","logger":"airflow.dag_processing.dagbag.BundleDagBag","filename":"dagbag.py","lineno":460}
{"timestamp":"2026-08-19T12:14:54.727416Z","level":"info","event":"Filling up the DagBag from /opt/airflow/dags/exchange_rate_etl.py","logger":"airflow.dag_processing.dagbag.BundleDagBag","filename":"dagbag.py","lineno":460}
{"timestamp":"2026-08-19T12:15:27.724853Z","level":"info","event":"Filling up the DagBag from /opt/airflow/dags/exchange_rate_etl.py","logger":"airflow.dag_processing.dagbag.BundleDagBag","filename":"dagbag.py","lineno":460}
{"timestamp":"2026-08-19T12:16:01.947428Z","level":"info","event":"Filling up the DagBag from /opt/airflow/dags/exchange_rate_etl.py","logger":"airflow.dag_processing.dagbag.BundleDagBag","filename":"dagbag.py","lineno":460}
{"timestamp":"2026-08-19T12:16:37.042413Z","level":"info","event":"Filling up the DagBag from /opt/airflow/dags/exchange_rate_etl.py","logger":"airflow.dag_processing.dagbag.BundleDagBag","filename":"dagbag.py","lineno":460}
{"timestamp":"2026-08-19T12:17:10.152051Z","level":"info","event":"Filling up the DagBag from /opt/airflow/dags/exchange_rate_etl.py","logger":"airflow.dag_processing.dagbag.BundleDagBag","filename":"dagbag.py","lineno":460}
{"timestamp":"2026-08-19T12:17:42.525688Z","level":"info","event":"Filling up the DagBag from /opt/airflow/dags/exchange_rate_etl.py","logger":"airflow.dag_processing.dagbag.BundleDagBag","filename":"dagbag.py","lineno":460}
{"timestamp":"2026-08-19T12:18:15.548486Z","level":"info","event":"Filling up the DagBag from /opt/airflow/dags/exchange_rate_etl.py","logger":"airflow.dag_processing.dagbag.BundleDagBag","filename":"dagbag.py","lineno":460}
{"timestamp":"2026-08-19T12:18:48.627553Z","level":"info","event":"Filling up the DagBag from /opt/airflow/dags/exchange_rate_etl.py","logger":"airflow.dag_processing.dagbag.BundleDagBag","filename":"dagbag.py","lineno":460}
{"timestamp":"2026-08-19T12:19:21.000525Z","level":"info","event":"Filling up the DagBag from /opt/airflow/dags/exchange_rate_etl.py","logger":"airflow.dag_processing.dagbag.BundleDagBag","filename":"dagbag.py","lineno":460}
{"timestamp":"2026-08-19T12:19:53.308031Z","level":"info","event":"Filling up the DagBag from /opt/airflow/dags/exchange_rate_etl.py","logger":"airflow.dag_processing.dagbag.BundleDagBag","filename":"dagbag.py","lineno":460}
{"timestamp":"2026-08-19T12:20:25.349444Z","level":"info","event":"Filling up the DagBag from /opt/airflow/dags/exchange_rate_etl.py","logger":"airflow.dag_processing.dagbag.BundleDagBag","filename":"dagbag.py","lineno":460}
{"timestamp":"2026-08-19T12:20:58.093621Z","level":"info","event":"Filling up the DagBag from /opt/airflow/dags/exchange_rate_etl.py","logger":"airflow.dag_processing.dagbag.BundleDagBag","filename":"dagbag.py","lineno":460}
{"timestamp":"2026-08-19T12:21:31.212523Z","level":"info","event":"Filling up the DagBag from /opt/airflow/dags/exchange_rate_etl.py","logger":"airflow.dag_processing.dagbag.BundleDagBag","filename":"dagbag.py","lineno":460}
{"timestamp":"2026-08-19T12:22:03.177642Z","level":"info","event":"Filling up the DagBag from /opt/airflow/dags/exchange_rate_etl.py","logger":"airflow.dag_processing.dagbag.BundleDagBag","filename":"dagbag.py","lineno":460}
{"timestamp":"2026-08-19T12:22:35.099545Z","level":"info","event":"Filling up the DagBag from /opt/airflow/dags/exchange_rate_etl.py","logger":"airflow.dag_processing.dagbag.BundleDagBag","filename":"dagbag.py","lineno":460}
{"timestamp":"2026-08-19T12:23:08.506324Z","level":"info","event":"Filling up the DagBag from /opt/airflow/dags/exchange_rate_etl.py","logger":"airflow.dag_processing.dagbag.BundleDagBag","filename":"dagbag.py","lineno":460}
{"timestamp":"2026-08-19T12:23:40.697272Z","level":"info","event":"Filling up the DagBag from /opt/airflow/dags/exchange_rate_etl.py","logger":"airflow.dag_processing.dagbag.BundleDagBag","filename":"dagbag.py","lineno":460}
{"timestamp":"2026-08-19T12:24:13.438155Z","level":"info","event":"Filling up the DagBag from /opt/airflow/dags/exchange_rate_etl.py","logger":"airflow.dag_processing.dagbag.BundleDagBag","filename":"dagbag.py","lineno":460}
{"timestamp":"2026-08-19T12:24:46.995856Z","level":"info","event":"Filling up the DagBag from /opt/airflow/dags/exchange_rate_etl.py","logger":"airflow.dag_processing.dagbag.BundleDagBag","filename":"dagbag.py","lineno":460}
{"timestamp":"2026-08-19T12:25:21.662424Z","level":"info","event":"Filling up the DagBag from /opt/airflow/dags/exchange_rate_etl.py","logger":"airflow.dag_processing.dagbag.BundleDagBag","filename":"dagbag.py","lineno":460}
{"timestamp":"2026-08-19T12:25:55.804428Z","level":"info","event":"Filling up the DagBag from /opt/airflow/dags/exchange_rate_etl.py","logger":"airflow.dag_processing.dagbag.BundleDagBag","filename":"dagbag.py","lineno":460}
{"timestamp":"2026-08-19T12:26:30.395259Z","level":"info","event":"Filling up the DagBag from /opt/airflow/dags/exchange_rate_etl.py","logger":"airflow.dag_processing.dagbag.BundleDagBag","filename":"dagbag.py","lineno":460}
{"timestamp":"2026-08-19T12:27:03.456964Z","level":"info","event":"Filling up the DagBag from /opt/airflow/dags/exchange_rate_etl.py","logger":"airflow.dag_processing.dagbag.BundleDagBag","filename":"dagbag.py","lineno":460}
{"timestamp":"2026-08-19T12:27:36.115448Z","level":"info","event":"Filling up the DagBag from /opt/airflow/dags/exchange_rate_etl.py","logger":"airflow.dag_processing.dagbag.BundleDagBag","filename":"dagbag.py","lineno":460}
{"timestamp":"2026-08-19T12:28:09.172346Z","level":"info","event":"Filling up the DagBag from /opt/airflow/dags/exchange_rate_etl.py","logger":"airflow.dag_processing.dagbag.BundleDagBag","filename":"dagbag.py","lineno":460}
{"timestamp":"2026-08-19T12:28:41.649283Z","level":"info","event":"Filling up the DagBag from /opt/airflow/dags/exchange_rate_etl.py","logger":"airflow.dag_processing.dagbag.BundleDagBag","filename":"dagbag.py","lineno":460}
{"timestamp":"2026-08-19T12:29:16.134831Z","level":"info","event":"Filling up the DagBag from /opt/airflow/dags/exchange_rate_etl.py","logger":"airflow.dag_processing.dagbag.BundleDagBag","filename":"dagbag.py","lineno":460}
{"timestamp":"2026-08-19T12:29:48.379082Z","level":"info","event":"Filling up the DagBag from /opt/airflow/dags/exchange_rate_etl.py","logger":"airflow.dag_processing.dagbag.BundleDagBag","filename":"dagbag.py","lineno":460}
{"timestamp":"2026-08-19T12:30:20.591057Z","level":"info","event":"Filling up the DagBag from /opt/airflow/dags/exchange_rate_etl.py","logger":"airflow.dag_processing.dagbag.BundleDagBag","filename":"dagbag.py","lineno":460}
{"timestamp":"2026-08-19T12:30:52.673238Z","level":"info","event":"Filling up the DagBag from /opt/airflow/dags/exchange_rate_etl.py","logger":"airflow.dag_processing.dagbag.BundleDagBag","filename":"dagbag.py","lineno":460}
{"timestamp":"2026-08-19T12:31:25.717554Z","level":"info","event":"Filling up the DagBag from /opt/airflow/dags/exchange_rate_etl.py","logger":"airflow.dag_processing.dagbag.BundleDagBag","filename":"dagbag.py","lineno":460}
{"timestamp":"2026-08-19T12:32:02.256490Z","level":"info","event":"Filling up the DagBag from /opt/airflow/dags/exchange_rate_etl.py","logger":"airflow.dag_processing.dagbag.BundleDagBag","filename":"dagbag.py","lineno":460}
{"timestamp":"2026-08-19T12:32:39.384944Z","level":"info","event":"Filling up the DagBag from /opt/airflow/dags/exchange_rate_etl.py","logger":"airflow.dag_processing.dagbag.BundleDagBag","filename":"dagbag.py","lineno":460}
{"timestamp":"2026-08-19T12:33:22.731849Z","level":"info","event":"Filling up the DagBag from /opt/airflow/dags/exchange_rate_etl.py","logger":"airflow.dag_processing.dagbag.BundleDagBag","filename":"dagbag.py","lineno":460}
{"timestamp":"2026-08-19T12:34:38.938719Z","level":"info","event":"Filling up the DagBag from /opt/airflow/dags/exchange_rate_etl.py","logger":"airflow.dag_processing.dagbag.BundleDagBag","filename":"dagbag.py","lineno":460}
{"timestamp":"2026-08-19T12:35:36.741226Z","level":"info","event":"Filling up the DagBag from /opt/airflow/dags/exchange_rate_etl.py","logger":"airflow.dag_processing.dagbag.BundleDagBag","filename":"dagbag.py","lineno":460}
{"timestamp":"2026-08-19T12:36:40.478724Z","level":"info","event":"Filling up the DagBag from /opt/airflow/dags/exchange_rate_etl.py","logger":"airflow.dag_processing.dagbag.BundleDagBag","filename":"dagbag.py","lineno":460}
{"timestamp":"2026-08-19T12:37:46.095264Z","level":"info","event":"Filling up the DagBag from /opt/airflow/dags/exchange_rate_etl.py","logger":"airflow.dag_processing.dagbag.BundleDagBag","filename":"dagbag.py","lineno":460}
{"timestamp":"2026-08-19T12:39:07.170147Z","level":"info","event":"Filling up the DagBag from /opt/airflow/dags/exchange_rate_etl.py","logger":"airflow.dag_processing.dagbag.BundleDagBag","filename":"dagbag.py","lineno":460}
{"timestamp":"2026-08-19T12:40:33.540966Z","level":"info","event":"Filling up the DagBag from /opt/airflow/dags/exchange_rate_etl.py","logger":"airflow.dag_processing.dagbag.BundleDagBag","filename":"dagbag.py","lineno":460}
{"timestamp":"2026-08-19T12:41:06.078196Z","level":"error","event":"Process timed out, PID: 982","logger":"airflow.dag_processing.importers.python_importer","filename":"python_importer.py","lineno":62}
{"timestamp":"2026-08-19T12:41:06.256388Z","level":"error","event":"Failed to import: /opt/airflow/dags/exchange_rate_etl.py","logger":"airflow.dag_processing.importers.python_importer","filename":"python_importer.py","lineno":244,"error_detail":[{"exc_type":"AirflowTaskTimeout","exc_value":"DagBag import timeout for /opt/airflow/dags/exchange_rate_etl.py after 30.0s.\nPlease take a look at these docs to improve your DAG import time:\n* https://airflow.apache.org/docs/apache-airflow/3.3.1/best-practices.html#top-level-python-code\n* https://airflow.apache.org/docs/apache-airflow/3.3.1/best-practices.html#reducing-dag-complexity, PID: 982","exc_notes":[],"syntax_error":null,"is_cause":false,"frames":[{"filename":"/home/airflow/.local/lib/python3.13/site-packages/airflow/dag_processing/importers/python_importer.py","lineno":238,"name":"parse"},{"filename":"<frozen importlib._bootstrap_external>","lineno":1023,"name":"exec_module"},{"filename":"<frozen importlib._bootstrap>","lineno":488,"name":"_call_with_frames_removed"},{"filename":"/opt/airflow/dags/exchange_rate_etl.py","lineno":4,"name":"<module>"},{"filename":"/home/airflow/.local/lib/python3.13/site-packages/requests/__init__.py","lineno":50,"name":"<module>"},{"filename":"/home/airflow/.local/lib/python3.13/site-packages/charset_normalizer/__init__.py","lineno":26,"name":"<module>"},{"filename":"/home/airflow/.local/lib/python3.13/site-packages/charset_normalizer/api.py","lineno":8,"name":"<module>"},{"filename":"/opt/airflow/src/charset_normalizer/cd.py","lineno":16,"name":"<module>"},{"filename":"/opt/airflow/src/charset_normalizer/md.py","lineno":225,"name":"<module>"},{"filename":"/opt/airflow/src/charset_normalizer/md.py","lineno":208,"name":"__init__"},{"filename":"/home/airflow/.local/lib/python3.13/site-packages/charset_normalizer/utils.py","lineno":96,"name":"unicode_range"},{"filename":"/home/airflow/.local/lib/python3.13/site-packages/airflow/dag_processing/importers/python_importer.py","lineno":65,"name":"handle_timeout"}],"is_group":false,"exceptions":[]}]}
{"timestamp":"2026-08-19T12:41:07.428077Z","level":"error","event":"Error loading DAG from exchange_rate_etl.py: DagBag import timeout for /opt/airflow/dags/exchange_rate_etl.py after 30.0s.\nPlease take a look at these docs to improve your DAG import time:\n* https://airflow.apache.org/docs/apache-airflow/3.3.1/best-practices.html#top-level-python-code\n* https://airflow.apache.org/docs/apache-airflow/3.3.1/best-practices.html#reducing-dag-complexity, PID: 982","logger":"airflow.dag_processing.dagbag.BundleDagBag","filename":"dagbag.py","lineno":319}
{"timestamp":"2026-08-19T12:42:06.984497Z","level":"info","event":"Filling up the DagBag from /opt/airflow/dags/exchange_rate_etl.py","logger":"airflow.dag_processing.dagbag.BundleDagBag","filename":"dagbag.py","lineno":460}
{"timestamp":"2026-08-19T12:42:39.131565Z","level":"error","event":"Process timed out, PID: 1000","logger":"airflow.dag_processing.importers.python_importer","filename":"python_importer.py","lineno":62}
{"timestamp":"2026-08-19T12:43:50.299015Z","level":"info","event":"Filling up the DagBag from /opt/airflow/dags/exchange_rate_etl.py","logger":"airflow.dag_processing.dagbag.BundleDagBag","filename":"dagbag.py","lineno":460}
{"timestamp":"2026-08-19T12:44:25.221650Z","level":"error","event":"Process timed out, PID: 1018","logger":"airflow.dag_processing.importers.python_importer","filename":"python_importer.py","lineno":62}
{"timestamp":"2026-08-19T12:45:56.360271Z","level":"info","event":"Filling up the DagBag from /opt/airflow/dags/exchange_rate_etl.py","logger":"airflow.dag_processing.dagbag.BundleDagBag","filename":"dagbag.py","lineno":460}
{"timestamp":"2026-08-19T12:46:29.136992Z","level":"error","event":"Process timed out, PID: 1034","logger":"airflow.dag_processing.importers.python_importer","filename":"python_importer.py","lineno":62}
{"timestamp":"2026-08-19T12:46:30.159500Z","level":"error","event":"Failed to import: /opt/airflow/dags/exchange_rate_etl.py","logger":"airflow.dag_processing.importers.python_importer","filename":"python_importer.py","lineno":244,"error_detail":[{"exc_type":"AirflowTaskTimeout","exc_value":"DagBag import timeout for /opt/airflow/dags/exchange_rate_etl.py after 30.0s.\nPlease take a look at these docs to improve your DAG import time:\n* https://airflow.apache.org/docs/apache-airflow/3.3.1/best-practices.html#top-level-python-code\n* https://airflow.apache.org/docs/apache-airflow/3.3.1/best-practices.html#reducing-dag-complexity, PID: 1034","exc_notes":[],"syntax_error":null,"is_cause":false,"frames":[{"filename":"/home/airflow/.local/lib/python3.13/site-packages/airflow/dag_processing/importers/python_importer.py","lineno":238,"name":"parse"},{"filename":"<frozen importlib._bootstrap_external>","lineno":1023,"name":"exec_module"},{"filename":"<frozen importlib._bootstrap>","lineno":488,"name":"_call_with_frames_removed"},{"filename":"/opt/airflow/dags/exchange_rate_etl.py","lineno":1,"name":"<module>"},{"filename":"<frozen importlib._bootstrap>","lineno":1420,"name":"_handle_fromlist"},{"filename":"/home/airflow/.local/lib/python3.13/site-packages/airflow/sdk/__init__.py","lineno":329,"name":"__getattr__"},{"filename":"/usr/python/lib/python3.13/importlib/__init__.py","lineno":88,"name":"import_module"},{"filename":"/home/airflow/.local/lib/python3.13/site-packages/airflow/sdk/definitions/decorators/__init__.py","lineno":24,"name":"<module>"},{"filename":"/home/airflow/.local/lib/python3.13/site-packages/airflow/sdk/definitions/decorators/setup_teardown.py","lineno":33,"name":"<module>"},{"filename":"/home/airflow/.local/lib/python3.13/site-packages/airflow/providers/standard/decorators/python.py","lineno":23,"name":"<module>"},{"filename":"/home/airflow/.local/lib/python3.13/site-packages/airflow/providers/standard/operators/python.py","lineno":41,"name":"<module>"},{"filename":"/home/airflow/.local/lib/python3.13/site-packages/packaging/requirements.py","lineno":8,"name":"<module>"},{"filename":"/home/airflow/.local/lib/python3.13/site-packages/packaging/_parser.py","lineno":13,"name":"<module>"},{"filename":"/home/airflow/.local/lib/python3.13/site-packages/packaging/_tokenizer.py","lineno":8,"name":"<module>"},{"filename":"/home/airflow/.local/lib/python3.13/site-packages/packaging/specifiers.py","lineno":220,"name":"<module>"},{"filename":"/home/airflow/.local/lib/python3.13/site-packages/packaging/specifiers.py","lineno":339,"name":"Specifier"},{"filename":"/usr/python/lib/python3.13/re/__init__.py","lineno":289,"name":"compile"},{"filename":"/usr/python/lib/python3.13/re/__init__.py","lineno":359,"name":"_compile"},{"filename":"/home/airflow/.local/lib/python3.13/site-packages/airflow/dag_processing/importers/python_importer.py","lineno":65,"name":"handle_timeout"}],"is_group":false,"exceptions":[]}]}
{"timestamp":"2026-08-19T12:46:38.959349Z","level":"error","event":"Error loading DAG from exchange_rate_etl.py: DagBag import timeout for /opt/airflow/dags/exchange_rate_etl.py after 30.0s.\nPlease take a look at these docs to improve your DAG import time:\n* https://airflow.apache.org/docs/apache-airflow/3.3.1/best-practices.html#top-level-python-code\n* https://airflow.apache.org/docs/apache-airflow/3.3.1/best-practices.html#reducing-dag-complexity, PID: 1034","logger":"airflow.dag_processing.dagbag.BundleDagBag","filename":"dagbag.py","lineno":319}
{"timestamp":"2026-08-19T12:48:47.481355Z","level":"info","event":"Filling up the DagBag from /opt/airflow/dags/exchange_rate_etl.py","logger":"airflow.dag_processing.dagbag.BundleDagBag","filename":"dagbag.py","lineno":460}
{"timestamp":"2026-08-19T12:49:34.054280Z","level":"info","event":"Filling up the DagBag from /opt/airflow/dags/exchange_rate_etl.py","logger":"airflow.dag_processing.dagbag.BundleDagBag","filename":"dagbag.py","lineno":460}
{"timestamp":"2026-08-19T12:50:07.742347Z","level":"error","event":"Process timed out, PID: 1068","logger":"airflow.dag_processing.importers.python_importer","filename":"python_importer.py","lineno":62}
{"timestamp":"2026-08-19T12:50:09.336515Z","level":"error","event":"Failed to import: /opt/airflow/dags/exchange_rate_etl.py","logger":"airflow.dag_processing.importers.python_importer","filename":"python_importer.py","lineno":244,"error_detail":[{"exc_type":"AirflowTaskTimeout","exc_value":"DagBag import timeout for /opt/airflow/dags/exchange_rate_etl.py after 30.0s.\nPlease take a look at these docs to improve your DAG import time:\n* https://airflow.apache.org/docs/apache-airflow/3.3.1/best-practices.html#top-level-python-code\n* https://airflow.apache.org/docs/apache-airflow/3.3.1/best-practices.html#reducing-dag-complexity, PID: 1068","exc_notes":[],"syntax_error":null,"is_cause":false,"frames":[{"filename":"/home/airflow/.local/lib/python3.13/site-packages/airflow/dag_processing/importers/python_importer.py","lineno":238,"name":"parse"},{"filename":"<frozen importlib._bootstrap_external>","lineno":1023,"name":"exec_module"},{"filename":"<frozen importlib._bootstrap>","lineno":488,"name":"_call_with_frames_removed"},{"filename":"/opt/airflow/dags/exchange_rate_etl.py","lineno":1,"name":"<module>"},{"filename":"<frozen importlib._bootstrap>","lineno":1420,"name":"_handle_fromlist"},{"filename":"/home/airflow/.local/lib/python3.13/site-packages/airflow/sdk/__init__.py","lineno":329,"name":"__getattr__"},{"filename":"/usr/python/lib/python3.13/importlib/__init__.py","lineno":88,"name":"import_module"},{"filename":"/home/airflow/.local/lib/python3.13/site-packages/airflow/sdk/definitions/decorators/__init__.py","lineno":24,"name":"<module>"},{"filename":"/home/airflow/.local/lib/python3.13/site-packages/airflow/sdk/definitions/decorators/setup_teardown.py","lineno":33,"name":"<module>"},{"filename":"/home/airflow/.local/lib/python3.13/site-packages/airflow/providers/standard/decorators/python.py","lineno":23,"name":"<module>"},{"filename":"/home/airflow/.local/lib/python3.13/site-packages/airflow/providers/standard/operators/python.py","lineno":108,"name":"<module>"},{"filename":"/home/airflow/.local/lib/python3.13/site-packages/airflow/providers/standard/operators/python.py","lineno":108,"name":"_PythonVersionInfo"},{"filename":"/home/airflow/.local/lib/python3.13/site-packages/airflow/dag_processing/importers/python_importer.py","lineno":65,"name":"handle_timeout"}],"is_group":false,"exceptions":[]}]}
{"timestamp":"2026-08-19T12:50:14.215143Z","level":"error","event":"Error loading DAG from exchange_rate_etl.py: DagBag import timeout for /opt/airflow/dags/exchange_rate_etl.py after 30.0s.\nPlease take a look at these docs to improve your DAG import time:\n* https://airflow.apache.org/docs/apache-airflow/3.3.1/best-practices.html#top-level-python-code\n* https://airflow.apache.org/docs/apache-airflow/3.3.1/best-practices.html#reducing-dag-complexity, PID: 1068","logger":"airflow.dag_processing.dagbag.BundleDagBag","filename":"dagbag.py","lineno":319}
{"timestamp":"2026-08-19T12:53:48.972928Z","level":"info","event":"Filling up the DagBag from /opt/airflow/dags/exchange_rate_etl.py","logger":"airflow.dag_processing.dagbag.BundleDagBag","filename":"dagbag.py","lineno":460}
{"timestamp":"2026-08-19T13:16:42.038021Z","level":"info","event":"Filling up the DagBag from /opt/airflow/dags/exchange_rate_etl.py","logger":"airflow.dag_processing.dagbag.BundleDagBag","filename":"dagbag.py","lineno":460}
{"timestamp":"2026-08-19T13:17:46.978369Z","level":"info","event":"Filling up the DagBag from /opt/airflow/dags/exchange_rate_etl.py","logger":"airflow.dag_processing.dagbag.BundleDagBag","filename":"dagbag.py","lineno":460}
{"timestamp":"2026-08-19T13:18:36.966624Z","level":"info","event":"Filling up the DagBag from /opt/airflow/dags/exchange_rate_etl.py","logger":"airflow.dag_processing.dagbag.BundleDagBag","filename":"dagbag.py","lineno":460}
{"timestamp":"2026-08-19T13:19:42.908450Z","level":"info","event":"Filling up the DagBag from /opt/airflow/dags/exchange_rate_etl.py","logger":"airflow.dag_processing.dagbag.BundleDagBag","filename":"dagbag.py","lineno":460}
{"timestamp":"2026-08-19T13:20:27.207594Z","level":"info","event":"Filling up the DagBag from /opt/airflow/dags/exchange_rate_etl.py","logger":"airflow.dag_processing.dagbag.BundleDagBag","filename":"dagbag.py","lineno":460}
{"timestamp":"2026-08-19T13:21:08.150874Z","level":"info","event":"Filling up the DagBag from /opt/airflow/dags/exchange_rate_etl.py","logger":"airflow.dag_processing.dagbag.BundleDagBag","filename":"dagbag.py","lineno":460}
{"timestamp":"2026-08-19T13:21:46.950834Z","level":"info","event":"Filling up the DagBag from /opt/airflow/dags/exchange_rate_etl.py","logger":"airflow.dag_processing.dagbag.BundleDagBag","filename":"dagbag.py","lineno":460}
{"timestamp":"2026-08-19T13:22:18.824850Z","level":"info","event":"Filling up the DagBag from /opt/airflow/dags/exchange_rate_etl.py","logger":"airflow.dag_processing.dagbag.BundleDagBag","filename":"dagbag.py","lineno":460}
{"timestamp":"2026-08-19T13:22:51.138030Z","level":"info","event":"Filling up the DagBag from /opt/airflow/dags/exchange_rate_etl.py","logger":"airflow.dag_processing.dagbag.BundleDagBag","filename":"dagbag.py","lineno":460}
{"timestamp":"2026-08-19T13:23:23.302011Z","level":"info","event":"Filling up the DagBag from /opt/airflow/dags/exchange_rate_etl.py","logger":"airflow.dag_processing.dagbag.BundleDagBag","filename":"dagbag.py","lineno":460}
{"timestamp":"2026-08-19T13:23:56.191237Z","level":"info","event":"Filling up the DagBag from /opt/airflow/dags/exchange_rate_etl.py","logger":"airflow.dag_processing.dagbag.BundleDagBag","filename":"dagbag.py","lineno":460}
{"timestamp":"2026-08-19T13:24:28.403436Z","level":"info","event":"Filling up the DagBag from /opt/airflow/dags/exchange_rate_etl.py","logger":"airflow.dag_processing.dagbag.BundleDagBag","filename":"dagbag.py","lineno":460}
{"timestamp":"2026-08-19T13:25:00.653243Z","level":"info","event":"Filling up the DagBag from /opt/airflow/dags/exchange_rate_etl.py","logger":"airflow.dag_processing.dagbag.BundleDagBag","filename":"dagbag.py","lineno":460}
{"timestamp":"2026-08-19T13:25:33.062126Z","level":"info","event":"Filling up the DagBag from /opt/airflow/dags/exchange_rate_etl.py","logger":"airflow.dag_processing.dagbag.BundleDagBag","filename":"dagbag.py","lineno":460}
{"timestamp":"2026-08-19T13:26:06.609306Z","level":"info","event":"Filling up the DagBag from /opt/airflow/dags/exchange_rate_etl.py","logger":"airflow.dag_processing.dagbag.BundleDagBag","filename":"dagbag.py","lineno":460}
{"timestamp":"2026-08-19T13:26:40.533774Z","level":"info","event":"Filling up the DagBag from /opt/airflow/dags/exchange_rate_etl.py","logger":"airflow.dag_processing.dagbag.BundleDagBag","filename":"dagbag.py","lineno":460}
{"timestamp":"2026-08-19T13:27:12.764357Z","level":"info","event":"Filling up the DagBag from /opt/airflow/dags/exchange_rate_etl.py","logger":"airflow.dag_processing.dagbag.BundleDagBag","filename":"dagbag.py","lineno":460}
{"timestamp":"2026-08-19T13:27:44.295668Z","level":"info","event":"Filling up the DagBag from /opt/airflow/dags/exchange_rate_etl.py","logger":"airflow.dag_processing.dagbag.BundleDagBag","filename":"dagbag.py","lineno":460}
{"timestamp":"2026-08-19T13:28:15.896762Z","level":"info","event":"Filling up the DagBag from /opt/airflow/dags/exchange_rate_etl.py","logger":"airflow.dag_processing.dagbag.BundleDagBag","filename":"dagbag.py","lineno":460}
{"timestamp":"2026-08-19T13:28:48.731484Z","level":"info","event":"Filling up the DagBag from /opt/airflow/dags/exchange_rate_etl.py","logger":"airflow.dag_processing.dagbag.BundleDagBag","filename":"dagbag.py","lineno":460}
{"timestamp":"2026-08-19T13:29:22.932500Z","level":"info","event":"Filling up the DagBag from /opt/airflow/dags/exchange_rate_etl.py","logger":"airflow.dag_processing.dagbag.BundleDagBag","filename":"dagbag.py","lineno":460}
{"timestamp":"2026-08-19T13:29:54.783752Z","level":"info","event":"Filling up the DagBag from /opt/airflow/dags/exchange_rate_etl.py","logger":"airflow.dag_processing.dagbag.BundleDagBag","filename":"dagbag.py","lineno":460}
{"timestamp":"2026-08-19T13:30:27.047617Z","level":"info","event":"Filling up the DagBag from /opt/airflow/dags/exchange_rate_etl.py","logger":"airflow.dag_processing.dagbag.BundleDagBag","filename":"dagbag.py","lineno":460}
{"timestamp":"2026-08-19T13:31:00.679343Z","level":"info","event":"Filling up the DagBag from /opt/airflow/dags/exchange_rate_etl.py","logger":"airflow.dag_processing.dagbag.BundleDagBag","filename":"dagbag.py","lineno":460}
{"timestamp":"2026-08-19T13:31:33.030496Z","level":"info","event":"Filling up the DagBag from /opt/airflow/dags/exchange_rate_etl.py","logger":"airflow.dag_processing.dagbag.BundleDagBag","filename":"dagbag.py","lineno":460}
{"timestamp":"2026-08-19T13:32:05.681311Z","level":"info","event":"Filling up the DagBag from /opt/airflow/dags/exchange_rate_etl.py","logger":"airflow.dag_processing.dagbag.BundleDagBag","filename":"dagbag.py","lineno":460}
{"timestamp":"2026-08-19T13:32:37.359617Z","level":"info","event":"Filling up the DagBag from /opt/airflow/dags/exchange_rate_etl.py","logger":"airflow.dag_processing.dagbag.BundleDagBag","filename":"dagbag.py","lineno":460}
{"timestamp":"2026-08-19T13:33:09.668639Z","level":"info","event":"Filling up the DagBag from /opt/airflow/dags/exchange_rate_etl.py","logger":"airflow.dag_processing.dagbag.BundleDagBag","filename":"dagbag.py","lineno":460}
{"timestamp":"2026-08-19T13:33:41.878897Z","level":"info","event":"Filling up the DagBag from /opt/airflow/dags/exchange_rate_etl.py","logger":"airflow.dag_processing.dagbag.BundleDagBag","filename":"dagbag.py","lineno":460}
{"timestamp":"2026-08-19T13:34:14.943385Z","level":"info","event":"Filling up the DagBag from /opt/airflow/dags/exchange_rate_etl.py","logger":"airflow.dag_processing.dagbag.BundleDagBag","filename":"dagbag.py","lineno":460}
{"timestamp":"2026-08-19T13:34:48.410678Z","level":"info","event":"Filling up the DagBag from /opt/airflow/dags/exchange_rate_etl.py","logger":"airflow.dag_processing.dagbag.BundleDagBag","filename":"dagbag.py","lineno":460}
{"timestamp":"2026-08-19T13:35:23.482019Z","level":"info","event":"Filling up the DagBag from /opt/airflow/dags/exchange_rate_etl.py","logger":"airflow.dag_processing.dagbag.BundleDagBag","filename":"dagbag.py","lineno":460}
{"timestamp":"2026-08-19T13:36:05.500591Z","level":"info","event":"Filling up the DagBag from /opt/airflow/dags/exchange_rate_etl.py","logger":"airflow.dag_processing.dagbag.BundleDagBag","filename":"dagbag.py","lineno":460}
{"timestamp":"2026-08-19T13:36:44.221069Z","level":"info","event":"Filling up the DagBag from /opt/airflow/dags/exchange_rate_etl.py","logger":"airflow.dag_processing.dagbag.BundleDagBag","filename":"dagbag.py","lineno":460}
{"timestamp":"2026-08-19T13:37:23.947732Z","level":"info","event":"Filling up the DagBag from /opt/airflow/dags/exchange_rate_etl.py","logger":"airflow.dag_processing.dagbag.BundleDagBag","filename":"dagbag.py","lineno":460}
{"timestamp":"2026-08-19T13:38:02.012509Z","level":"info","event":"Filling up the DagBag from /opt/airflow/dags/exchange_rate_etl.py","logger":"airflow.dag_processing.dagbag.BundleDagBag","filename":"dagbag.py","lineno":460}
{"timestamp":"2026-08-19T13:38:38.108332Z","level":"info","event":"Filling up the DagBag from /opt/airflow/dags/exchange_rate_etl.py","logger":"airflow.dag_processing.dagbag.BundleDagBag","filename":"dagbag.py","lineno":460}
{"timestamp":"2026-08-19T13:39:18.220682Z","level":"info","event":"Filling up the DagBag from /opt/airflow/dags/exchange_rate_etl.py","logger":"airflow.dag_processing.dagbag.BundleDagBag","filename":"dagbag.py","lineno":460}
{"timestamp":"2026-08-19T13:39:56.937591Z","level":"info","event":"Filling up the DagBag from /opt/airflow/dags/exchange_rate_etl.py","logger":"airflow.dag_processing.dagbag.BundleDagBag","filename":"dagbag.py","lineno":460}
{"timestamp":"2026-08-19T13:40:46.296833Z","level":"info","event":"Filling up the DagBag from /opt/airflow/dags/exchange_rate_etl.py","logger":"airflow.dag_processing.dagbag.BundleDagBag","filename":"dagbag.py","lineno":460}
{"timestamp":"2026-08-19T13:42:01.646654Z","level":"info","event":"Filling up the DagBag from /opt/airflow/dags/exchange_rate_etl.py","logger":"airflow.dag_processing.dagbag.BundleDagBag","filename":"dagbag.py","lineno":460}
{"timestamp":"2026-08-19T13:42:38.000700Z","level":"error","event":"Process timed out, PID: 464","logger":"airflow.dag_processing.importers.python_importer","filename":"python_importer.py","lineno":62}
{"timestamp":"2026-08-19T13:42:38.008354Z","level":"error","event":"Failed to import: /opt/airflow/dags/exchange_rate_etl.py","logger":"airflow.dag_processing.importers.python_importer","filename":"python_importer.py","lineno":244,"error_detail":[{"exc_type":"AirflowTaskTimeout","exc_value":"DagBag import timeout for /opt/airflow/dags/exchange_rate_etl.py after 30.0s.\nPlease take a look at these docs to improve your DAG import time:\n* https://airflow.apache.org/docs/apache-airflow/3.3.1/best-practices.html#top-level-python-code\n* https://airflow.apache.org/docs/apache-airflow/3.3.1/best-practices.html#reducing-dag-complexity, PID: 464","exc_notes":[],"syntax_error":null,"is_cause":false,"frames":[{"filename":"/home/airflow/.local/lib/python3.13/site-packages/airflow/dag_processing/importers/python_importer.py","lineno":238,"name":"parse"},{"filename":"<frozen importlib._bootstrap_external>","lineno":1023,"name":"exec_module"},{"filename":"<frozen importlib._bootstrap>","lineno":488,"name":"_call_with_frames_removed"},{"filename":"/opt/airflow/dags/exchange_rate_etl.py","lineno":4,"name":"<module>"},{"filename":"/home/airflow/.local/lib/python3.13/site-packages/requests/__init__.py","lineno":158,"name":"<module>"},{"filename":"/home/airflow/.local/lib/python3.13/site-packages/requests/packages.py","lineno":12,"name":"<module>"},{"filename":"/home/airflow/.local/lib/python3.13/site-packages/airflow/dag_processing/importers/python_importer.py","lineno":65,"name":"handle_timeout"}],"is_group":false,"exceptions":[]}]}
{"timestamp":"2026-08-19T13:42:38.565935Z","level":"error","event":"Error loading DAG from exchange_rate_etl.py: DagBag import timeout for /opt/airflow/dags/exchange_rate_etl.py after 30.0s.\nPlease take a look at these docs to improve your DAG import time:\n* https://airflow.apache.org/docs/apache-airflow/3.3.1/best-practices.html#top-level-python-code\n* https://airflow.apache.org/docs/apache-airflow/3.3.1/best-practices.html#reducing-dag-complexity, PID: 464","logger":"airflow.dag_processing.dagbag.BundleDagBag","filename":"dagbag.py","lineno":319}
{"timestamp":"2026-08-19T13:43:29.361585Z","level":"info","event":"Filling up the DagBag from /opt/airflow/dags/exchange_rate_etl.py","logger":"airflow.dag_processing.dagbag.BundleDagBag","filename":"dagbag.py","lineno":460}
{"timestamp":"2026-08-19T13:45:17.166414Z","level":"info","event":"Filling up the DagBag from /opt/airflow/dags/exchange_rate_etl.py","logger":"airflow.dag_processing.dagbag.BundleDagBag","filename":"dagbag.py","lineno":460}
{"timestamp":"2026-08-19T13:45:51.045860Z","level":"error","event":"Process timed out, PID: 498","logger":"airflow.dag_processing.importers.python_importer","filename":"python_importer.py","lineno":62}
{"timestamp":"2026-08-19T13:45:51.200976Z","level":"error","event":"Failed to import: /opt/airflow/dags/exchange_rate_etl.py","logger":"airflow.dag_processing.importers.python_importer","filename":"python_importer.py","lineno":244,"error_detail":[{"exc_type":"AirflowTaskTimeout","exc_value":"DagBag import timeout for /opt/airflow/dags/exchange_rate_etl.py after 30.0s.\nPlease take a look at these docs to improve your DAG import time:\n* https://airflow.apache.org/docs/apache-airflow/3.3.1/best-practices.html#top-level-python-code\n* https://airflow.apache.org/docs/apache-airflow/3.3.1/best-practices.html#reducing-dag-complexity, PID: 498","exc_notes":[],"syntax_error":null,"is_cause":false,"frames":[{"filename":"/home/airflow/.local/lib/python3.13/site-packages/airflow/dag_processing/importers/python_importer.py","lineno":238,"name":"parse"},{"filename":"<frozen importlib._bootstrap_external>","lineno":1023,"name":"exec_module"},{"filename":"<frozen importlib._bootstrap>","lineno":488,"name":"_call_with_frames_removed"},{"filename":"/opt/airflow/dags/exchange_rate_etl.py","lineno":4,"name":"<module>"},{"filename":"/home/airflow/.local/lib/python3.13/site-packages/requests/__init__.py","lineno":45,"name":"<module>"},{"filename":"/home/airflow/.local/lib/python3.13/site-packages/urllib3/__init__.py","lineno":18,"name":"<module>"},{"filename":"/home/airflow/.local/lib/python3.13/site-packages/urllib3/connectionpool.py","lineno":15,"name":"<module>"},{"filename":"/home/airflow/.local/lib/python3.13/site-packages/urllib3/_request_methods.py","lineno":10,"name":"<module>"},{"filename":"<frozen importlib._bootstrap>","lineno":1360,"name":"_find_and_load"},{"filename":"<frozen importlib._bootstrap>","lineno":1331,"name":"_find_and_load_unlocked"},{"filename":"<frozen importlib._bootstrap>","lineno":935,"name":"_load_unlocked"},{"filename":"<frozen importlib._bootstrap_external>","lineno":1019,"name":"exec_module"},{"filename":"<frozen importlib._bootstrap_external>","lineno":1152,"name":"get_code"},{"filename":"<frozen importlib._bootstrap_external>","lineno":781,"name":"_compile_bytecode"},{"filename":"/home/airflow/.local/lib/python3.13/site-packages/airflow/dag_processing/importers/python_importer.py","lineno":65,"name":"handle_timeout"}],"is_group":false,"exceptions":[]}]}
{"timestamp":"2026-08-19T13:45:52.418611Z","level":"error","event":"Error loading DAG from exchange_rate_etl.py: DagBag import timeout for /opt/airflow/dags/exchange_rate_etl.py after 30.0s.\nPlease take a look at these docs to improve your DAG import time:\n* https://airflow.apache.org/docs/apache-airflow/3.3.1/best-practices.html#top-level-python-code\n* https://airflow.apache.org/docs/apache-airflow/3.3.1/best-practices.html#reducing-dag-complexity, PID: 498","logger":"airflow.dag_processing.dagbag.BundleDagBag","filename":"dagbag.py","lineno":319}
{"timestamp":"2026-08-19T13:47:13.565441Z","level":"info","event":"Filling up the DagBag from /opt/airflow/dags/exchange_rate_etl.py","logger":"airflow.dag_processing.dagbag.BundleDagBag","filename":"dagbag.py","lineno":460}
{"timestamp":"2026-08-19T13:47:46.529747Z","level":"error","event":"Process timed out, PID: 514","logger":"airflow.dag_processing.importers.python_importer","filename":"python_importer.py","lineno":62}
{"timestamp":"2026-08-19T13:47:47.601058Z","level":"error","event":"Failed to import: /opt/airflow/dags/exchange_rate_etl.py","logger":"airflow.dag_processing.importers.python_importer","filename":"python_importer.py","lineno":244,"error_detail":[{"exc_type":"AirflowTaskTimeout","exc_value":"DagBag import timeout for /opt/airflow/dags/exchange_rate_etl.py after 30.0s.\nPlease take a look at these docs to improve your DAG import time:\n* https://airflow.apache.org/docs/apache-airflow/3.3.1/best-practices.html#top-level-python-code\n* https://airflow.apache.org/docs/apache-airflow/3.3.1/best-practices.html#reducing-dag-complexity, PID: 514","exc_notes":[],"syntax_error":null,"is_cause":false,"frames":[{"filename":"/home/airflow/.local/lib/python3.13/site-packages/airflow/dag_processing/importers/python_importer.py","lineno":238,"name":"parse"},{"filename":"<frozen importlib._bootstrap_external>","lineno":1023,"name":"exec_module"},{"filename":"<frozen importlib._bootstrap>","lineno":488,"name":"_call_with_frames_removed"},{"filename":"/opt/airflow/dags/exchange_rate_etl.py","lineno":1,"name":"<module>"},{"filename":"<frozen importlib._bootstrap>","lineno":1420,"name":"_handle_fromlist"},{"filename":"/home/airflow/.local/lib/python3.13/site-packages/airflow/sdk/__init__.py","lineno":329,"name":"__getattr__"},{"filename":"/usr/python/lib/python3.13/importlib/__init__.py","lineno":88,"name":"import_module"},{"filename":"/home/airflow/.local/lib/python3.13/site-packages/airflow/sdk/definitions/decorators/__init__.py","lineno":24,"name":"<module>"},{"filename":"/home/airflow/.local/lib/python3.13/site-packages/airflow/sdk/definitions/decorators/setup_teardown.py","lineno":33,"name":"<module>"},{"filename":"/home/airflow/.local/lib/python3.13/site-packages/airflow/providers/standard/decorators/python.py","lineno":23,"name":"<module>"},{"filename":"/home/airflow/.local/lib/python3.13/site-packages/airflow/providers/standard/operators/python.py","lineno":41,"name":"<module>"},{"filename":"/home/airflow/.local/lib/python3.13/site-packages/packaging/requirements.py","lineno":8,"name":"<module>"},{"filename":"/home/airflow/.local/lib/python3.13/site-packages/packaging/_parser.py","lineno":13,"name":"<module>"},{"filename":"/home/airflow/.local/lib/python3.13/site-packages/packaging/_tokenizer.py","lineno":8,"name":"<module>"},{"filename":"/home/airflow/.local/lib/python3.13/site-packages/packaging/specifiers.py","lineno":25,"name":"<module>"},{"filename":"/home/airflow/.local/lib/python3.13/site-packages/packaging/_ranges.py","lineno":44,"name":"<module>"},{"filename":"/home/airflow/.local/lib/python3.13/site-packages/packaging/version.py","lineno":408,"name":"__init__"},{"filename":"/home/airflow/.local/lib/python3.13/site-packages/airflow/dag_processing/importers/python_importer.py","lineno":65,"name":"handle_timeout"}],"is_group":false,"exceptions":[]}]}
{"timestamp":"2026-08-19T13:47:49.836325Z","level":"error","event":"Error loading DAG from exchange_rate_etl.py: DagBag import timeout for /opt/airflow/dags/exchange_rate_etl.py after 30.0s.\nPlease take a look at these docs to improve your DAG import time:\n* https://airflow.apache.org/docs/apache-airflow/3.3.1/best-practices.html#top-level-python-code\n* https://airflow.apache.org/docs/apache-airflow/3.3.1/best-practices.html#reducing-dag-complexity, PID: 514","logger":"airflow.dag_processing.dagbag.BundleDagBag","filename":"dagbag.py","lineno":319}
{"timestamp":"2026-08-19T13:48:58.954063Z","level":"info","event":"Filling up the DagBag from /opt/airflow/dags/exchange_rate_etl.py","logger":"airflow.dag_processing.dagbag.BundleDagBag","filename":"dagbag.py","lineno":460}
{"timestamp":"2026-08-19T13:49:29.811523Z","level":"error","event":"Process timed out, PID: 537","logger":"airflow.dag_processing.importers.python_importer","filename":"python_importer.py","lineno":62}
{"timestamp":"2026-08-19T13:49:29.813584Z","level":"error","event":"Failed to import: /opt/airflow/dags/exchange_rate_etl.py","logger":"airflow.dag_processing.importers.python_importer","filename":"python_importer.py","lineno":244,"error_detail":[{"exc_type":"AirflowTaskTimeout","exc_value":"DagBag import timeout for /opt/airflow/dags/exchange_rate_etl.py after 30.0s.\nPlease take a look at these docs to improve your DAG import time:\n* https://airflow.apache.org/docs/apache-airflow/3.3.1/best-practices.html#top-level-python-code\n* https://airflow.apache.org/docs/apache-airflow/3.3.1/best-practices.html#reducing-dag-complexity, PID: 537","exc_notes":[],"syntax_error":null,"is_cause":false,"frames":[{"filename":"/home/airflow/.local/lib/python3.13/site-packages/airflow/dag_processing/importers/python_importer.py","lineno":238,"name":"parse"},{"filename":"<frozen importlib._bootstrap_external>","lineno":1023,"name":"exec_module"},{"filename":"<frozen importlib._bootstrap>","lineno":488,"name":"_call_with_frames_removed"},{"filename":"/opt/airflow/dags/exchange_rate_etl.py","lineno":4,"name":"<module>"},{"filename":"<frozen importlib._bootstrap>","lineno":1360,"name":"_find_and_load"},{"filename":"<frozen importlib._bootstrap>","lineno":1322,"name":"_find_and_load_unlocked"},{"filename":"<frozen importlib._bootstrap>","lineno":1262,"name":"_find_spec"},{"filename":"<frozen importlib._bootstrap_external>","lineno":1556,"name":"find_spec"},{"filename":"<frozen importlib._bootstrap_external>","lineno":1530,"name":"_get_spec"},{"filename":"<frozen importlib._bootstrap_external>","lineno":1648,"name":"find_spec"},{"filename":"/home/airflow/.local/lib/python3.13/site-packages/airflow/dag_processing/importers/python_importer.py","lineno":65,"name":"handle_timeout"}],"is_group":false,"exceptions":[]}]}
{"timestamp":"2026-08-19T13:49:34.131163Z","level":"error","event":"Error loading DAG from exchange_rate_etl.py: DagBag import timeout for /opt/airflow/dags/exchange_rate_etl.py after 30.0s.\nPlease take a look at these docs to improve your DAG import time:\n* https://airflow.apache.org/docs/apache-airflow/3.3.1/best-practices.html#top-level-python-code\n* https://airflow.apache.org/docs/apache-airflow/3.3.1/best-practices.html#reducing-dag-complexity, PID: 537","logger":"airflow.dag_processing.dagbag.BundleDagBag","filename":"dagbag.py","lineno":319}
{"timestamp":"2026-08-19T13:50:53.828090Z","level":"info","event":"Filling up the DagBag from /opt/airflow/dags/exchange_rate_etl.py","logger":"airflow.dag_processing.dagbag.BundleDagBag","filename":"dagbag.py","lineno":460}
{"timestamp":"2026-08-19T13:52:01.019572Z","level":"info","event":"Filling up the DagBag from /opt/airflow/dags/exchange_rate_etl.py","logger":"airflow.dag_processing.dagbag.BundleDagBag","filename":"dagbag.py","lineno":460}
{"timestamp":"2026-08-19T14:53:55.575990Z","level":"info","event":"Filling up the DagBag from /opt/airflow/dags/exchange_rate_etl.py","logger":"airflow.dag_processing.dagbag.BundleDagBag","filename":"dagbag.py","lineno":460}
{"timestamp":"2026-08-19T14:54:32.787803Z","level":"info","event":"Filling up the DagBag from /opt/airflow/dags/exchange_rate_etl.py","logger":"airflow.dag_processing.dagbag.BundleDagBag","filename":"dagbag.py","lineno":460}
{"timestamp":"2026-08-19T14:55:05.646483Z","level":"info","event":"Filling up the DagBag from /opt/airflow/dags/exchange_rate_etl.py","logger":"airflow.dag_processing.dagbag.BundleDagBag","filename":"dagbag.py","lineno":460}
{"timestamp":"2026-08-19T14:55:39.866702Z","level":"info","event":"Filling up the DagBag from /opt/airflow/dags/exchange_rate_etl.py","logger":"airflow.dag_processing.dagbag.BundleDagBag","filename":"dagbag.py","lineno":460}
{"timestamp":"2026-08-19T14:56:13.840237Z","level":"info","event":"Filling up the DagBag from /opt/airflow/dags/exchange_rate_etl.py","logger":"airflow.dag_processing.dagbag.BundleDagBag","filename":"dagbag.py","lineno":460}
{"timestamp":"2026-08-19T14:56:45.130601Z","level":"info","event":"Filling up the DagBag from /opt/airflow/dags/exchange_rate_etl.py","logger":"airflow.dag_processing.dagbag.BundleDagBag","filename":"dagbag.py","lineno":460}
{"timestamp":"2026-08-19T14:57:17.031142Z","level":"info","event":"Filling up the DagBag from /opt/airflow/dags/exchange_rate_etl.py","logger":"airflow.dag_processing.dagbag.BundleDagBag","filename":"dagbag.py","lineno":460}
{"timestamp":"2026-08-19T14:57:49.346451Z","level":"info","event":"Filling up the DagBag from /opt/airflow/dags/exchange_rate_etl.py","logger":"airflow.dag_processing.dagbag.BundleDagBag","filename":"dagbag.py","lineno":460}
{"timestamp":"2026-08-19T14:58:23.394674Z","level":"info","event":"Filling up the DagBag from /opt/airflow/dags/exchange_rate_etl.py","logger":"airflow.dag_processing.dagbag.BundleDagBag","filename":"dagbag.py","lineno":460}
{"timestamp":"2026-08-19T14:58:57.998796Z","level":"info","event":"Filling up the DagBag from /opt/airflow/dags/exchange_rate_etl.py","logger":"airflow.dag_processing.dagbag.BundleDagBag","filename":"dagbag.py","lineno":460}
{"timestamp":"2026-08-19T14:59:31.563115Z","level":"info","event":"Filling up the DagBag from /opt/airflow/dags/exchange_rate_etl.py","logger":"airflow.dag_processing.dagbag.BundleDagBag","filename":"dagbag.py","lineno":460}
{"timestamp":"2026-08-19T15:00:07.357080Z","level":"info","event":"Filling up the DagBag from /opt/airflow/dags/exchange_rate_etl.py","logger":"airflow.dag_processing.dagbag.BundleDagBag","filename":"dagbag.py","lineno":460}
{"timestamp":"2026-08-19T15:00:51.914424Z","level":"info","event":"Filling up the DagBag from /opt/airflow/dags/exchange_rate_etl.py","logger":"airflow.dag_processing.dagbag.BundleDagBag","filename":"dagbag.py","lineno":460}
{"timestamp":"2026-08-19T15:02:36.383721Z","level":"info","event":"Filling up the DagBag from /opt/airflow/dags/exchange_rate_etl.py","logger":"airflow.dag_processing.dagbag.BundleDagBag","filename":"dagbag.py","lineno":460}
